// Jest Snapshot v1, https://goo.gl/fbAQLP

exports[`Card should call onToggle when user clicks on like button 1`] = `
<DocumentFragment>
  <div
    class="group border-slate-800 hover:bg-slate-200 bg-slate-50 text-slate-800 hover:cursor-pointer min-w-[350px] sm:min-w-sm p-4 space-y-1 border rounded shadow"
  >
    <div
      class="flex justify-between"
    >
      <div
        class="text-lg font-bold"
      >
        Circa May '22
      </div>
      <div
        class="flex space-x-1"
      >
        <span
          data-testid="likes-count"
        >
          1
        </span>
        <svg
          aria-hidden="true"
          class="text-red-600 w-5 h-5"
          data-testid="button-like"
          fill="none"
          stroke="currentColor"
          viewBox="0 0 24 24"
          xmlns="http://www.w3.org/2000/svg"
        >
          <path
            d="M14 10h4.764a2 2 0 011.789 2.894l-3.5 7A2 2 0 0115.263 21h-4.017c-.163 0-.326-.02-.485-.06L7 20m7-10V5a2 2 0 00-2-2h-.095c-.5 0-.905.405-.905.905 0 .714-.211 1.412-.608 2.006L7 11v9m7-10h-2M7 20H5a2 2 0 01-2-2v-6a2 2 0 012-2h2.5"
            stroke-linecap="round"
            stroke-linejoin="round"
            stroke-width="2"
          />
        </svg>
      </div>
    </div>
    <p
      class="text-ellipsis whitespace-nowrap overflow-hidden"
    >
      Test your coding skills
    </p>
    <div
      class="group-hover:opacity-100 flex justify-between text-sm transition duration-300 ease-in-out opacity-0"
    >
      <span>
        <i>
          Mon Feb 14 2022
        </i>
      </span>
    </div>
    <div
      class="space-x-1 overflow-hidden"
    >
      <span
        class="bg-slate-200 group-hover:bg-slate-50 whitespace-nowrap px-4 py-1 text-xs text-gray-600 rounded-md"
      >
        advanced
      </span>
      <span
        class="bg-slate-200 group-hover:bg-slate-50 whitespace-nowrap px-4 py-1 text-xs text-gray-600 rounded-md"
      >
        data structures
      </span>
    </div>
  </div>
</DocumentFragment>
`;
