// Jest Snapshot v1, https://goo.gl/fbAQLP

exports[`renders title and login icon 1`] = `
<DocumentFragment>
  <header
    class="bg-slate-800 text-slate-100 flex justify-between px-4"
  >
    <div />
    <h1
      class="flex items-center space-x-3 text-xl font-black tracking-widest"
    >
      <span>
        Hack Ideas
      </span>
      <svg
        aria-hidden="true"
        class="w-6 h-6"
        fill="none"
        stroke="currentColor"
        viewBox="0 0 24 24"
        xmlns="http://www.w3.org/2000/svg"
      >
        <path
          d="M10 20l4-16m4 4l4 4-4 4M6 16l-4-4 4-4"
          stroke-linecap="round"
          stroke-linejoin="round"
          stroke-width="2"
        />
      </svg>
    </h1>
    <svg
      aria-hidden="true"
      class=" w-8 h-8"
      data-testid="login"
      fill="none"
      stroke="currentColor"
      viewBox="0 0 24 24"
      xmlns="http://www.w3.org/2000/svg"
    >
      <path
        d="M11 16l-4-4m0 0l4-4m-4 4h14m-5 4v1a3 3 0 01-3 3H6a3 3 0 01-3-3V7a3 3 0 013-3h7a3 3 0 013 3v1"
        stroke-linecap="round"
        stroke-linejoin="round"
        stroke-width="2"
      />
    </svg>
  </header>
</DocumentFragment>
`;
